
[1m[46m RUN [49m[22m [36mv3.2.4 [39m[90mC:/Users/pragr/blessing/backend[39m

node.exe : (node:20228) [MONGOOSE] 
Warning: Duplicate schema index on 
{"username":1} found. This is 
often due to declaring an index 
using both "index: true" and 
"schema.index()". Please remove 
the duplicate index definition.
At C:\Program 
Files\nodejs\npx.ps1:29 char:3
+   & $NODE_EXE $NPX_CLI_JS $args
+   ~~~~~~~~~~~~~~~~~~~~~~~~~~~~~
    + CategoryInfo          : 
NotSpecifie    d: ((node:20228) 
[M...dex definition.    :String) 
[], RemoteException
    + FullyQualifiedErrorId : 
NativeComma    ndError
 
(Use `node --trace-warnings ...` 
to show where the warning was 
created)
(node:20228) [MONGOOSE] Warning: 
Duplicate schema index on 
{"name":1} found. This is often 
due to declaring an index using 
both "index: true" and 
"schema.index()". Please remove 
the duplicate index definition.
[90mstdout[2m | tests/e2e/section-pl.test.ts[2m > [22m[2mSection P&L E2E Tests
[22m[39mΓ£à MongoDB connected successfully
≡ƒôª Database: poultry_factory

[90mstdout[2m | tests/e2e/section-pl.test.ts[2m > [22m[2mSection P&L E2E Tests
[22m[39mΓ£à Database already initialized

[90mstderr[2m | 
tests/e2e/section-pl.test.ts[2m > 
[22m[2mSection P&L E2E Tests
[22m[39mΓÜá∩╕Å  MongoDB 
disconnected

[90mstdout[2m | tests/e2e/section-pl.test.ts[2m > [22m[2mSection P&L E2E Tests
[22m[39m≡ƒæï MongoDB disconnected gracefully

 [31mΓ¥»[39m tests/e2e/section-pl.test.ts [2m([22m[2m6 tests[22m[2m | [22m[31m4 failed[39m[2m)[22m[32m 181[2mms[22m[39m
[31m   [31m├ù[31m Section P&L E2E Tests[2m > [22mTest 1: Section revenue from COMPLETE ChickOuts[39m[32m 32[2mms[22m[39m
[31m     ΓåÆ ChickOut validation failed: vehicleNumber: Path `vehicleNumber` is required., date: Path `date` is required., sectionId: Path `sectionId` is required.[39m
   [32mΓ£ô[39m Section P&L E2E Tests[2m > [22mTest 2: Section expenses from PeriodExpense[32m 22[2mms[22m[39m
[31m   [31m├ù[31m Section P&L E2E Tests[2m > [22mTest 3: profit = revenue - expense[39m[32m 7[2mms[22m[39m
[31m     ΓåÆ ChickOut validation failed: vehicleNumber: Path `vehicleNumber` is required., date: Path `date` is required., sectionId: Path `sectionId` is required.[39m
[31m   [31m├ù[31m Section P&L E2E Tests[2m > [22mTest 4: INCOMPLETE ChickOut causes ERROR[39m[32m 5[2mms[22m[39m
[31m     ΓåÆ ChickOut validation failed: vehicleNumber: Path `vehicleNumber` is required., date: Path `date` is required., sectionId: Path `sectionId` is required.[39m
[31m   [31m├ù[31m Section P&L E2E Tests[2m > [22mTest 5: No expenses - profit = revenue[39m[32m 5[2mms[22m[39m
[31m     ΓåÆ ChickOut validation failed: vehicleNumber: Path `vehicleNumber` is required., date: Path `date` is required., sectionId: Path `sectionId` is required.[39m
   [32mΓ£ô[39m Section P&L E2E Tests[2m > [22mTest 6: No revenue - profit = -expense[32m 14[2mms[22m[39m

[31mΓÄ»ΓÄ»ΓÄ»ΓÄ»ΓÄ»ΓÄ»ΓÄ»[39m[1m
[41m Failed Tests 4 [49m[22m[31
mΓÄ»ΓÄ»ΓÄ»ΓÄ»ΓÄ»ΓÄ»ΓÄ»[39m

[41m[1m FAIL [22m[49m 
tests/e2e/section-pl.test.ts[2m > 
[22mSection P&L E2E Tests[2m > 
[22mTest 1: Section revenue from 
COMPLETE ChickOuts
[41m[1m FAIL [22m[49m 
tests/e2e/section-pl.test.ts[2m > 
[22mSection P&L E2E Tests[2m > 
[22mTest 3: profit = revenue - 
expense
[41m[1m FAIL [22m[49m 
tests/e2e/section-pl.test.ts[2m > 
[22mSection P&L E2E Tests[2m > 
[22mTest 4: INCOMPLETE ChickOut 
causes ERROR
[41m[1m FAIL [22m[49m 
tests/e2e/section-pl.test.ts[2m > 
[22mSection P&L E2E Tests[2m > 
[22mTest 5: No expenses - profit 
= revenue
[31m[1mValidationError[22m: 
ChickOut validation failed: 
vehicleNumber: Path 
`vehicleNumber` is required., 
date: Path `date` is required., 
sectionId: Path `sectionId` is 
required.[39m
[90m [2mΓ¥»[22m 
model.Document.invalidate node_modu
les/mongoose/lib/document.js:[2m33
71:32[22m[39m
[90m [2mΓ¥»[22m node_modules/mon
goose/lib/document.js:[2m3132:17[
22m[39m
[90m [2mΓ¥»[22m node_modules/mon
goose/lib/schemaType.js:[2m1446:9
[22m[39m

[31m[2mΓÄ»ΓÄ»ΓÄ»ΓÄ»ΓÄ»ΓÄ»ΓÄ»ΓÄ»ΓÄ
»ΓÄ»ΓÄ»ΓÄ»ΓÄ»ΓÄ»ΓÄ»ΓÄ»ΓÄ»ΓÄ»ΓÄ»ΓÄ»Γ
Ä»ΓÄ»ΓÄ»ΓÄ»[1/4]ΓÄ»[22m[39m


[2m Test Files [22m [1m[31m1 failed[39m[22m[90m (1)[39m
[2m      Tests [22m [1m[31m4 failed[39m[22m[2m | [22m[1m[32m2 passed[39m[22m[90m (6)[39m
[2m   Start at [22m 22:32:43
[2m   Duration [22m 1.22s[2m (transform 127ms, setup 0ms, collect 708ms, tests 181ms, environment 0ms, prepare 131ms)[22m

