
[1m[46m RUN [49m[22m [36mv3.2.4 [39m[90mC:/Users/pragr/blessing/backend[39m

node.exe : (node:18444) [MONGOOSE] Warning: 
Duplicate schema index on {"username":1} 
found. This is often due to declaring an index 
using both "index: true" and "schema.index()". 
Please remove the duplicate index definition.
At C:\Program Files\nodejs\npx.ps1:29 char:3
+   & $NODE_EXE $NPX_CLI_JS $args
+   ~~~~~~~~~~~~~~~~~~~~~~~~~~~~~
    + CategoryInfo          : NotSpecified: (( 
   node:18444) [M...dex definition.:String) [  
  ], RemoteException
    + FullyQualifiedErrorId : NativeCommandErr 
   or
 
(Use `node --trace-warnings ...` to show where 
the warning was created)
(node:18444) [MONGOOSE] Warning: Duplicate 
schema index on {"name":1} found. This is 
often due to declaring an index using both 
"index: true" and "schema.index()". Please 
remove the duplicate index definition.
[90mstdout[2m | tests/e2e/period-pl.test.ts[2m > [22m[2mPeriod Profit & Loss (P&L) E2E Tests
[22m[39mΓ£à MongoDB connected successfully
≡ƒôª Database: poultry_factory

[90mstdout[2m | tests/e2e/period-pl.test.ts[2m > [22m[2mPeriod Profit & Loss (P&L) E2E Tests
[22m[39mΓ£à Database already initialized

[90mstdout[2m | tests/e2e/period-pl.test.ts[2m > [22m[2mPeriod Profit & Loss (P&L) E2E Tests[2m > [22m[2mTest 1: Revenue > Expense ΓåÆ profit musbat
[22m[39m≡ƒôó Broadcast "section_created" to channel "system:*": 0 recipients

[90mstdout[2m | tests/e2e/period-pl.test.ts[2m > [22m[2mPeriod Profit & Loss (P&L) E2E Tests[2m > [22m[2mTest 1: Revenue > Expense ΓåÆ profit musbat
[22m[39m≡ƒôó Broadcast "section_updated" to channel "section:69483d8ce10876bee58d2df4": 0 recipients
≡ƒôó Broadcast "section_updated" to channel "system:*": 0 recipients

[90mstdout[2m | tests/e2e/period-pl.test.ts[2m > [22m[2mPeriod Profit & Loss (P&L) E2E Tests[2m > [22m[2mTest 1: Revenue > Expense ΓåÆ profit musbat
[22m[39m≡ƒôó Broadcast "batch_started" to channel "section:69483d8ce10876bee58d2df4": 0 recipients
≡ƒôó Broadcast "batch_started" to channel "system:section:69483d8ce10876bee58d2df4": 0 recipients
≡ƒôó Broadcast "batch_started" to channel "system:*": 0 recipients
≡ƒôó Broadcast "section_status_changed" to channel "section:69483d8ce10876bee58d2df4": 0 recipients
≡ƒôó Broadcast "section_status_changed" to channel "system:section:69483d8ce10876bee58d2df4": 0 recipients
≡ƒôó Broadcast "section_status_changed" to channel "system:*": 0 recipients

[90mstdout[2m | tests/e2e/period-pl.test.ts[2m > [22m[2mPeriod Profit & Loss (P&L) E2E Tests[2m > [22m[2mTest 1: Revenue > Expense ΓåÆ profit musbat
[22m[39m≡ƒôó Broadcast "chick_out_created" to channel "section:69483d8ce10876bee58d2df4": 0 recipients
≡ƒôó Broadcast "chick_out_created" to channel "system:section:69483d8ce10876bee58d2df4": 0 recipients
≡ƒôó Broadcast "chick_out_created" to channel "system:*": 0 recipients

[90mstdout[2m | tests/e2e/period-pl.test.ts[2m > [22m[2mPeriod Profit & Loss (P&L) E2E Tests[2m > [22m[2mTest 1: Revenue > Expense ΓåÆ profit musbat
[22m[39m≡ƒôó Broadcast "section_status_changed" to channel "section:69483d8ce10876bee58d2df4": 0 recipients
≡ƒôó Broadcast "section_status_changed" to channel "system:section:69483d8ce10876bee58d2df4": 0 recipients
≡ƒôó Broadcast "section_status_changed" to channel "system:*": 0 recipients

[90mstdout[2m | tests/e2e/period-pl.test.ts[2m > [22m[2mPeriod Profit & Loss (P&L) E2E Tests[2m > [22m[2mTest 2: Revenue < Expense ΓåÆ profit manfiy
[22m[39m≡ƒôó Broadcast "section_created" to channel "system:*": 0 recipients

[90mstdout[2m | tests/e2e/period-pl.test.ts[2m > [22m[2mPeriod Profit & Loss (P&L) E2E Tests[2m > [22m[2mTest 2: Revenue < Expense ΓåÆ profit manfiy
[22m[39m≡ƒôó Broadcast "section_updated" to channel "section:69483d8ce10876bee58d2e29": 0 recipients
≡ƒôó Broadcast "section_updated" to channel "system:*": 0 recipients

[90mstdout[2m | tests/e2e/period-pl.test.ts[2m > [22m[2mPeriod Profit & Loss (P&L) E2E Tests[2m > [22m[2mTest 2: Revenue < Expense ΓåÆ profit manfiy
[22m[39m≡ƒôó Broadcast "batch_started" to channel "section:69483d8ce10876bee58d2e29": 0 recipients
≡ƒôó Broadcast "batch_started" to channel "system:section:69483d8ce10876bee58d2e29": 0 recipients
≡ƒôó Broadcast "batch_started" to channel "system:*": 0 recipients
≡ƒôó Broadcast "section_status_changed" to channel "section:69483d8ce10876bee58d2e29": 0 recipients
≡ƒôó Broadcast "section_status_changed" to channel "system:section:69483d8ce10876bee58d2e29": 0 recipients
≡ƒôó Broadcast "section_status_changed" to channel "system:*": 0 recipients

[90mstdout[2m | tests/e2e/period-pl.test.ts[2m > [22m[2mPeriod Profit & Loss (P&L) E2E Tests[2m > [22m[2mTest 2: Revenue < Expense ΓåÆ profit manfiy
[22m[39m≡ƒôó Broadcast "chick_out_created" to channel "section:69483d8ce10876bee58d2e29": 0 recipients
≡ƒôó Broadcast "chick_out_created" to channel "system:section:69483d8ce10876bee58d2e29": 0 recipients
≡ƒôó Broadcast "chick_out_created" to channel "system:*": 0 recipients

[90mstdout[2m | tests/e2e/period-pl.test.ts[2m > [22m[2mPeriod Profit & Loss (P&L) E2E Tests[2m > [22m[2mTest 2: Revenue < Expense ΓåÆ profit manfiy
[22m[39m≡ƒôó Broadcast "section_status_changed" to channel "section:69483d8ce10876bee58d2e29": 0 recipients
≡ƒôó Broadcast "section_status_changed" to channel "system:section:69483d8ce10876bee58d2e29": 0 recipients
≡ƒôó Broadcast "section_status_changed" to channel "system:*": 0 recipients

 [32mΓ£ô[39m tests/e2e/period-pl.test.ts[2m > [22mPeriod Profit & Loss (P&L) E2E Tests[2m > [22mTest 1: Revenue > Expense ΓåÆ profit musbat[32m 102[2mms[22m[39m
 [32mΓ£ô[39m tests/e2e/period-pl.test.ts[2m > [22mPeriod Profit & Loss (P&L) E2E Tests[2m > [22mTest 2: Revenue < Expense ΓåÆ profit manfiy[32m 52[2mms[22m[39m
[90mstdout[2m | tests/e2e/period-pl.test.ts[2m > [22m[2mPeriod Profit & Loss (P&L) E2E Tests[2m > [22m[2mTest 4: Expense = 0 ΓåÆ profit = revenue
[22m[39m≡ƒôó Broadcast "section_created" to channel "system:*": 0 recipients

[90mstdout[2m | tests/e2e/period-pl.test.ts[2m > [22m[2mPeriod Profit & Loss (P&L) E2E Tests[2m > [22m[2mTest 4: Expense = 0 ΓåÆ profit = revenue
[22m[39m≡ƒôó Broadcast "section_updated" to channel "section:69483d8ce10876bee58d2e5a": 0 recipients
≡ƒôó Broadcast "section_updated" to channel "system:*": 0 recipients

[90mstdout[2m | tests/e2e/period-pl.test.ts[2m > [22m[2mPeriod Profit & Loss (P&L) E2E Tests[2m > [22m[2mTest 4: Expense = 0 ΓåÆ profit = revenue
[22m[39m≡ƒôó Broadcast "batch_started" to channel "section:69483d8ce10876bee58d2e5a": 0 recipients
≡ƒôó Broadcast "batch_started" to channel "system:section:69483d8ce10876bee58d2e5a": 0 recipients
≡ƒôó Broadcast "batch_started" to channel "system:*": 0 recipients
≡ƒôó Broadcast "section_status_changed" to channel "section:69483d8ce10876bee58d2e5a": 0 recipients
≡ƒôó Broadcast "section_status_changed" to channel "system:section:69483d8ce10876bee58d2e5a": 0 recipients
≡ƒôó Broadcast "section_status_changed" to channel "system:*": 0 recipients

[90mstdout[2m | tests/e2e/period-pl.test.ts[2m > [22m[2mPeriod Profit & Loss (P&L) E2E Tests[2m > [22m[2mTest 4: Expense = 0 ΓåÆ profit = revenue
[22m[39m≡ƒôó Broadcast "chick_out_created" to channel "section:69483d8ce10876bee58d2e5a": 0 recipients
≡ƒôó Broadcast "chick_out_created" to channel "system:section:69483d8ce10876bee58d2e5a": 0 recipients
≡ƒôó Broadcast "chick_out_created" to channel "system:*": 0 recipients

[90mstdout[2m | tests/e2e/period-pl.test.ts[2m > [22m[2mPeriod Profit & Loss (P&L) E2E Tests[2m > [22m[2mTest 4: Expense = 0 ΓåÆ profit = revenue
[22m[39m≡ƒôó Broadcast "section_status_changed" to channel "section:69483d8ce10876bee58d2e5a": 0 recipients
≡ƒôó Broadcast "section_status_changed" to channel "system:section:69483d8ce10876bee58d2e5a": 0 recipients
≡ƒôó Broadcast "section_status_changed" to channel "system:*": 0 recipients

[90mstdout[2m | tests/e2e/period-pl.test.ts[2m > [22m[2mPeriod Profit & Loss (P&L) E2E Tests[2m > [22m[2mTest 5: INCOMPLETE ChickOut mavjud ΓåÆ P&L BLOKLANGAN
[22m[39m≡ƒôó Broadcast "section_created" to channel "system:*": 0 recipients

[90mstdout[2m | tests/e2e/period-pl.test.ts[2m > [22m[2mPeriod Profit & Loss (P&L) E2E Tests[2m > [22m[2mTest 5: INCOMPLETE ChickOut mavjud ΓåÆ P&L BLOKLANGAN
[22m[39m≡ƒôó Broadcast "section_updated" to channel "section:69483d8ce10876bee58d2e80": 0 recipients
≡ƒôó Broadcast "section_updated" to channel "system:*": 0 recipients

[90mstdout[2m | tests/e2e/period-pl.test.ts[2m > [22m[2mPeriod Profit & Loss (P&L) E2E Tests[2m > [22m[2mTest 5: INCOMPLETE ChickOut mavjud ΓåÆ P&L BLOKLANGAN
[22m[39m≡ƒôó Broadcast "batch_started" to channel "section:69483d8ce10876bee58d2e80": 0 recipients
≡ƒôó Broadcast "batch_started" to channel "system:section:69483d8ce10876bee58d2e80": 0 recipients
≡ƒôó Broadcast "batch_started" to channel "system:*": 0 recipients
≡ƒôó Broadcast "section_status_changed" to channel "section:69483d8ce10876bee58d2e80": 0 recipients
≡ƒôó Broadcast "section_status_changed" to channel "system:section:69483d8ce10876bee58d2e80": 0 recipients
≡ƒôó Broadcast "section_status_changed" to channel "system:*": 0 recipients

[90mstdout[2m | tests/e2e/period-pl.test.ts[2m > [22m[2mPeriod Profit & Loss (P&L) E2E Tests[2m > [22m[2mTest 5: INCOMPLETE ChickOut mavjud ΓåÆ P&L BLOKLANGAN
[22m[39m≡ƒôó Broadcast "chick_out_created" to channel "section:69483d8ce10876bee58d2e80": 0 recipients
≡ƒôó Broadcast "chick_out_created" to channel "system:section:69483d8ce10876bee58d2e80": 0 recipients
≡ƒôó Broadcast "chick_out_created" to channel "system:*": 0 recipients

[90mstdout[2m | tests/e2e/period-pl.test.ts[2m > [22m[2mPeriod Profit & Loss (P&L) E2E Tests[2m > [22m[2mTest 5: INCOMPLETE ChickOut mavjud ΓåÆ P&L BLOKLANGAN
[22m[39m≡ƒôó Broadcast "section_status_changed" to channel "section:69483d8ce10876bee58d2e80": 0 recipients
≡ƒôó Broadcast "section_status_changed" to channel "system:section:69483d8ce10876bee58d2e80": 0 recipients
≡ƒôó Broadcast "section_status_changed" to channel "system:*": 0 recipients

[90mstdout[2m | tests/e2e/period-pl.test.ts[2m > [22m[2mPeriod Profit & Loss (P&L) E2E Tests[2m > [22m[2mTest 6: requiresExpense=true Incident + expenseId=null ΓåÆ P&L BLOKLANGAN
[22m[39m≡ƒôó Broadcast "section_created" to channel "system:*": 0 recipients

 [32mΓ£ô[39m tests/e2e/period-pl.test.ts[2m > [22mPeriod Profit & Loss (P&L) E2E Tests[2m > [22mTest 3: Revenue = 0, Expense > 0 ΓåÆ profit manfiy[32m 9[2mms[22m[39m
 [32mΓ£ô[39m tests/e2e/period-pl.test.ts[2m > [22mPeriod Profit & Loss (P&L) E2E Tests[2m > [22mTest 4: Expense = 0 ΓåÆ profit = revenue[32m 49[2mms[22m[39m
 [32mΓ£ô[39m tests/e2e/period-pl.test.ts[2m > [22mPeriod Profit & Loss (P&L) E2E Tests[2m > [22mTest 5: INCOMPLETE ChickOut mavjud ΓåÆ P&L BLOKLANGAN[32m 37[2mms[22m[39m
[90mstdout[2m | tests/e2e/period-pl.test.ts[2m > [22m[2mPeriod Profit & Loss (P&L) E2E Tests[2m > [22m[2mTest 6: requiresExpense=true Incident + expenseId=null ΓåÆ P&L BLOKLANGAN
[22m[39m≡ƒôó Broadcast "section_updated" to channel "section:69483d8ce10876bee58d2e9e": 0 recipients
≡ƒôó Broadcast "section_updated" to channel "system:*": 0 recipients

[90mstderr[2m | 
tests/e2e/period-pl.test.ts[2m > 
[22m[2mPeriod Profit & Loss (P&L) E2E Tests
[22m[39mΓÜá∩╕Å  MongoDB disconnected

[90mstdout[2m | tests/e2e/period-pl.test.ts[2m > [22m[2mPeriod Profit & Loss (P&L) E2E Tests
[22m[39m≡ƒæï MongoDB disconnected gracefully

 [31m├ù[39m tests/e2e/period-pl.test.ts[2m > [22mPeriod Profit & Loss (P&L) E2E Tests[2m > [22mTest 6: requiresExpense=true Incident + expenseId=null ΓåÆ P&L BLOKLANGAN[32m 31[2mms[22m[39m
[31m   ΓåÆ promise resolved "{ ΓÇª(5) }" instead of rejecting[39m

[31mΓÄ»ΓÄ»ΓÄ»ΓÄ»ΓÄ»ΓÄ»ΓÄ»[39m[1m[41m 
Failed Tests 1 
[49m[22m[31mΓÄ»ΓÄ»ΓÄ»ΓÄ»ΓÄ»ΓÄ»ΓÄ»[39m

[41m[1m FAIL [22m[49m 
tests/e2e/period-pl.test.ts[2m > [22mPeriod 
Profit & Loss (P&L) E2E Tests[2m > [22mTest 
6: requiresExpense=true Incident + 
expenseId=null ΓåÆ P&L BLOKLANGAN
[31m[1mAssertionError[22m: promise resolved 
"{ ΓÇª(5) }" instead of rejecting[39m

[32m- Expected[39m
[31m+ Received[39m

[32m- Error {[39m
[32m-   "message": "rejected promise",[39m
[31m+ {[39m
[31m+   "isProfitable": false,[39m
[31m+   "periodId": 
"69483d8ce10876bee58d2e9c",[39m
[31m+   "profit": 0,[39m
[31m+   "totalExpenses": 0,[39m
[31m+   "totalRevenue": 0,[39m
[2m  }[22m

[36m [2mΓ¥»[22m 
tests/e2e/period-pl.test.ts:[2m361:9[22m[39m
    [90m359| [39m        [35mawait[39m 
[34mexpect[39m(
    [90m360| [39m            [33mPeriodPLSer
vice[39m[33m.[39m[34mgetPeriodPL[39m(perio
d[33m.[39m_id[33m.[39m[34mtoString[39m())
    [90m361| [39m        
).rejects.toThrow('Davrda yakunlanmagan 
moliyaviy operatsiyalaΓÇª
    [90m   | [39m        [31m^[39m
    [90m362| [39m    })[33m;[39m
    [90m363| [39m})[33m;[39m

[31m[2mΓÄ»ΓÄ»ΓÄ»ΓÄ»ΓÄ»ΓÄ»ΓÄ»ΓÄ»ΓÄ»ΓÄ»ΓÄ»ΓÄ»ΓÄ
»ΓÄ»ΓÄ»ΓÄ»ΓÄ»ΓÄ»ΓÄ»ΓÄ»ΓÄ»ΓÄ»ΓÄ»ΓÄ»[1/1]ΓÄ»[22m
[39m


[2m Test Files [22m [1m[31m1 failed[39m[22m[90m (1)[39m
[2m      Tests [22m [1m[31m1 failed[39m[22m[2m | [22m[1m[32m5 passed[39m[22m[90m (6)[39m
[2m   Start at [22m 23:33:47
[2m   Duration [22m 1.67s[2m (transform 219ms, setup 0ms, collect 911ms, tests 393ms, environment 0ms, prepare 148ms)[22m

